# Tests adding of edges by using a three node graph and
# connecting them in a triangle formation
Created graph A
Added node one to A
Added node two to A
Added node three to A
Added edge e12 to A
Added edge e23 to A
Added edge e31 to A
ListNodes of A output: one three two
ListChildren of one in A output: two
ListChildren of two in A output: three
ListChildren of three in A output: one





