# Tests the method listChildren of DLGraph by adding a
# node with multiple children
Created graph A
Added node one to A
Added node two to A
Added node three to A
Added edge e12 to A
Added edge e13 to A
the children of one in A are: three(e13) two(e12)
the children of two in A are:
the children of three in A are: